[api.shopgmail9999.com/index.html]
[backblue.gif]
[fade.gif]
[index.html]
[api.shopgmail9999.com/Account/Login.html]
[api.shopgmail9999.com/Account/Loginf6d7.html]
[api.shopgmail9999.com/Account/Login8e36.html]
[api.shopgmail9999.com/Account/Loginbfbc.html]
[api.shopgmail9999.com/Account/Login2ed2.html]
[api.shopgmail9999.com/Account/Loginbe1c.html]
[api.shopgmail9999.com/docs/index.html]
[api.shopgmail9999.com/img/Gmail.png]
[api.shopgmail9999.com/lib/jquery/dist/jquery.min7b85.js]
[api.shopgmail9999.com/lib/bootstrap/dist/js/bootstrap.bundle.min87af.js]
[api.shopgmail9999.com/css/site7d21.css]
[api.shopgmail9999.com/js/site8223.js]
[api.shopgmail9999.com/js/Navbar61e2.js]
[api.shopgmail9999.com/js/GmailAPIUser89de.js]
[api.shopgmail9999.com/js/signalRbc79.js]
[api.shopgmail9999.com/index.html]
[api.shopgmail9999.com/Account/Login.html]
[api.shopgmail9999.com/js/BuyGmail2510.js]
[api.shopgmail9999.com/Account/Loginf6d7.html]
[api.shopgmail9999.com/Account/Login8e36.html]
[api.shopgmail9999.com/Account/Loginbfbc.html]
[api.shopgmail9999.com/Account/Login2ed2.html]
[api.shopgmail9999.com/Account/Loginbe1c.html]
[api.shopgmail9999.com/docs/swagger-ui.css]
[api.shopgmail9999.com/docs/index.css]
[api.shopgmail9999.com/docs/favicon-32x32.png]
[api.shopgmail9999.com/docs/favicon-16x16.png]
[api.shopgmail9999.com/docs/swagger-ui-bundle.js]
[api.shopgmail9999.com/docs/swagger-ui-standalone-preset.js]
[api.shopgmail9999.com/docs/index.html]
[api.shopgmail9999.com/css/site7d21.css]
[api.shopgmail9999.com/docs/swagger-ui.css]
[api.shopgmail9999.com/docs/index.css]
[api.shopgmail9999.com/docs/index.js]
